1000010010000100
0100001001000010
0010000100100001
0001000000010000
0000100000001000
0000001000000010
1000000110000001
0100001001000010
0010010000100100
