10000100
01000010
00100001
00010000
00001000
00000100
00000010
10000001
01000010
00100100
